Exception in thread Thread-1 (_readerthread):
Traceback (most recent call last):
  File "C:\Python314\Lib\threading.py", line 1081, in _bootstrap_inner
    self._context.run(self.run)
    ~~~~~~~~~~~~~~~~~^^^^^^^^^^
  File "C:\Python314\Lib\threading.py", line 1023, in run
    self._target(*self._args, **self._kwargs)
    ~~~~~~~~~~~~^^^^^^^^^^^^^^^^^^^^^^^^^^^^^
  File "C:\Python314\Lib\subprocess.py", line 1613, in _readerthread
    buffer.append(fh.read())
                  ~~~~~~~^^
  File "<frozen codecs>", line 325, in decode
UnicodeDecodeError: 'utf-8' codec can't decode byte 0xb3 in position 0: invalid start byte
Exception in thread Thread-3 (_readerthread):
Traceback (most recent call last):
  File "C:\Python314\Lib\threading.py", line 1081, in _bootstrap_inner
    self._context.run(self.run)
    ~~~~~~~~~~~~~~~~~^^^^^^^^^^
  File "C:\Python314\Lib\threading.py", line 1023, in run
    self._target(*self._args, **self._kwargs)
    ~~~~~~~~~~~~^^^^^^^^^^^^^^^^^^^^^^^^^^^^^
  File "C:\Python314\Lib\subprocess.py", line 1613, in _readerthread
    buffer.append(fh.read())
                  ~~~~~~~^^
  File "<frozen codecs>", line 325, in decode
UnicodeDecodeError: 'utf-8' codec can't decode byte 0xb3 in position 0: invalid start byte
Exception in thread Thread-5 (_readerthread):
Traceback (most recent call last):
  File "C:\Python314\Lib\threading.py", line 1081, in _bootstrap_inner
    self._context.run(self.run)
    ~~~~~~~~~~~~~~~~~^^^^^^^^^^
  File "C:\Python314\Lib\threading.py", line 1023, in run
    self._target(*self._args, **self._kwargs)
    ~~~~~~~~~~~~^^^^^^^^^^^^^^^^^^^^^^^^^^^^^
  File "C:\Python314\Lib\subprocess.py", line 1613, in _readerthread
    buffer.append(fh.read())
                  ~~~~~~~^^
  File "<frozen codecs>", line 325, in decode
UnicodeDecodeError: 'utf-8' codec can't decode byte 0xb3 in position 0: invalid start byte
